[2026-08-24T04:43:38.417Z] GET http://localhost:3000/inbox → 307 (38ms, ?B)
[2026-08-24T04:43:38.456Z] GET http://localhost:3000/login → 200 (252ms, 30082B)
[2026-08-24T04:43:38.720Z] GET http://localhost:3000/_next/static/media/83afe278b6a6bb3c-s.p.2bn3s6zvc0dyp.woff2 → 200 (13ms, 48432B)
[2026-08-24T04:43:38.720Z] GET http://localhost:3000/_next/static/chunks/%5Broot-of-the-server%5D__0dtla9k._.css → 200 (7ms, 26976B)
[2026-08-24T04:43:38.720Z] GET http://localhost:3000/_next/static/chunks/%5Bturbopack%5D_browser_dev_hmr-client_hmr-client_ts_1wt9tc8._.js → 200 (52ms, 675B)
[2026-08-24T04:43:38.720Z] GET http://localhost:3000/_next/static/chunks/0s3p_next_dist_compiled_next-devtools_index_0j79cy9.js → 200 (69ms, 217693B)
[2026-08-24T04:43:38.720Z] GET http://localhost:3000/_next/static/chunks/0s3p_next_dist_compiled_react-dom_15_z71r._.js → 200 (78ms, 184269B)
[2026-08-24T04:43:38.720Z] GET http://localhost:3000/_next/static/chunks/0s3p_next_dist_compiled_react-server-dom-turbopack_0f_tl2a._.js → 200 (53ms, 31905B)
[2026-08-24T04:43:38.720Z] GET http://localhost:3000/_next/static/chunks/0s3p_next_dist_compiled_0gotzcs._.js → 200 (53ms, 28393B)
[2026-08-24T04:43:38.720Z] GET http://localhost:3000/_next/static/chunks/0s3p_next_dist_client_00vepj3._.js → 200 (76ms, 153260B)
[2026-08-24T04:43:38.721Z] GET http://localhost:3000/_next/static/chunks/0s3p_next_dist_0k3gjni._.js → 200 (53ms, 46416B)
[2026-08-24T04:43:38.721Z] GET http://localhost:3000/_next/static/chunks/0s3p_%40swc_helpers_cjs_13o7gja._.js → 200 (55ms, 770B)
[2026-08-24T04:43:38.721Z] GET http://localhost:3000/_next/static/chunks/Desktop_projects_wacrm_1anvha4._.js → 200 (53ms, 700B)
[2026-08-24T04:43:38.721Z] GET http://localhost:3000/_next/static/chunks/turbopack-Desktop_projects_wacrm_20ygiv8._.js → 200 (58ms, 22557B)
[2026-08-24T04:43:38.721Z] GET http://localhost:3000/_next/static/chunks/0s3p_next_dist_0xsn649._.js → 200 (58ms, 36912B)
[2026-08-24T04:43:38.721Z] GET http://localhost:3000/_next/static/chunks/Desktop_projects_wacrm_src_app_icon--metadata_06p1ixb.js → 200 (56ms, 255B)
[2026-08-24T04:43:38.721Z] GET http://localhost:3000/_next/static/chunks/0s3p_1kf68hz._.js → 200 (64ms, 49370B)
[2026-08-24T04:43:38.721Z] GET http://localhost:3000/_next/static/chunks/Desktop_projects_wacrm_src_0d9d8b1._.js → 200 (59ms, 3492B)
[2026-08-24T04:43:38.721Z] GET http://localhost:3000/_next/static/chunks/Desktop_projects_wacrm_src_app_layout_tsx_06p1ixb._.js → 200 (61ms, 353B)
[2026-08-24T04:43:38.721Z] GET http://localhost:3000/_next/static/chunks/0s3p_%40supabase_postgrest-js_dist_index_mjs_0afrif2._.js → 200 (69ms, 25198B)
[2026-08-24T04:43:38.721Z] GET http://localhost:3000/_next/static/chunks/0s3p_%40supabase_auth-js_dist_module_1h125vx._.js → 200 (149ms, 75976B)
[2026-08-24T04:43:38.721Z] GET http://localhost:3000/_next/static/chunks/0s3p_%40base-ui_react_0p34dak._.js → 200 (82ms, 25961B)
[2026-08-24T04:43:38.721Z] GET http://localhost:3000/_next/static/chunks/0s3p_tailwind-merge_dist_bundle-mjs_mjs_0lc7u3d._.js → 200 (83ms, 19370B)
[2026-08-24T04:43:38.721Z] GET http://localhost:3000/_next/static/chunks/0s3p_1h6vw6-._.js → 200 (149ms, 116920B)
[2026-08-24T04:43:38.722Z] GET http://localhost:3000/_next/static/chunks/Desktop_projects_wacrm_src_0d_qevu._.js → 200 (147ms, 5821B)
[2026-08-24T04:43:38.722Z] GET http://localhost:3000/_next/static/chunks/Desktop_projects_wacrm_src_app_(auth)_login_page_tsx_1--5669._.js → 200 (148ms, 555B)
[2026-08-24T04:43:38.722Z] GET http://localhost:3000/_next/static/chunks/0s3p_next_dist_client_components_builtin_global-error_1--5669.js → 200 (147ms, 212B)
[2026-08-24T04:43:38.869Z] GET http://localhost:3000/_next/static/chunks/%5Bturbopack%5D_browser_dev_hmr-client_hmr-client_ts_1mojsay._.js → 200 (2ms, 3904B)
[2026-08-24T04:43:38.869Z] GET http://localhost:3000/_next/static/chunks/%5Bturbopack%5D_browser_dev_hmr-client_hmr-client_ts_1wvfdr9._.js → 200 (2ms, 289B)
[2026-08-24T04:43:53.328Z] POST https://ebqfbgatndyhwevyheot.supabase.co/auth/v1/token?grant_type=password → pending (?ms, ?B)
[2026-08-24T04:43:53.979Z] GET http://localhost:3000/dashboard → pending (?ms, ?B)
[2026-08-24T04:43:56.013Z] GET http://localhost:3000/_next/static/media/83afe278b6a6bb3c-s.p.2bn3s6zvc0dyp.woff2 → 200 (?ms, -932B)
[2026-08-24T04:43:56.026Z] GET http://localhost:3000/_next/static/chunks/%5Broot-of-the-server%5D__0dtla9k._.css → 200 (7ms, ?B)
[2026-08-24T04:43:56.026Z] GET http://localhost:3000/_next/static/chunks/%5Bturbopack%5D_browser_dev_hmr-client_hmr-client_ts_1wt9tc8._.js → 200 (10ms, ?B)
[2026-08-24T04:43:56.026Z] GET http://localhost:3000/_next/static/chunks/0s3p_next_dist_compiled_next-devtools_index_0j79cy9.js → 200 (13ms, ?B)
[2026-08-24T04:43:56.026Z] GET http://localhost:3000/_next/static/chunks/0s3p_next_dist_compiled_react-dom_15_z71r._.js → 200 (12ms, ?B)
[2026-08-24T04:43:56.026Z] GET http://localhost:3000/_next/static/chunks/0s3p_next_dist_compiled_react-server-dom-turbopack_0f_tl2a._.js → 200 (21ms, ?B)
[2026-08-24T04:43:56.028Z] GET http://localhost:3000/_next/static/chunks/0s3p_next_dist_compiled_0gotzcs._.js → 200 (22ms, ?B)
[2026-08-24T04:43:56.028Z] GET http://localhost:3000/_next/static/chunks/0s3p_next_dist_client_00vepj3._.js → 200 (26ms, ?B)
[2026-08-24T04:43:56.029Z] GET http://localhost:3000/_next/static/chunks/0s3p_next_dist_0k3gjni._.js → 200 (23ms, ?B)
[2026-08-24T04:43:56.029Z] GET http://localhost:3000/_next/static/chunks/0s3p_%40swc_helpers_cjs_13o7gja._.js → 200 (26ms, ?B)
[2026-08-24T04:43:56.029Z] GET http://localhost:3000/_next/static/chunks/Desktop_projects_wacrm_1anvha4._.js → 200 (24ms, ?B)
[2026-08-24T04:43:56.029Z] GET http://localhost:3000/_next/static/chunks/turbopack-Desktop_projects_wacrm_20ygiv8._.js → 200 (27ms, ?B)
[2026-08-24T04:43:56.029Z] GET http://localhost:3000/_next/static/chunks/0s3p_next_dist_0xsn649._.js → 200 (43ms, ?B)
[2026-08-24T04:43:56.029Z] GET http://localhost:3000/_next/static/chunks/Desktop_projects_wacrm_src_app_icon--metadata_06p1ixb.js → 200 (42ms, ?B)
[2026-08-24T04:43:56.030Z] GET http://localhost:3000/_next/static/chunks/0s3p_1kf68hz._.js → 200 (48ms, ?B)
[2026-08-24T04:43:56.030Z] GET http://localhost:3000/_next/static/chunks/Desktop_projects_wacrm_src_0d9d8b1._.js → 200 (45ms, ?B)
[2026-08-24T04:43:56.030Z] GET http://localhost:3000/_next/static/chunks/Desktop_projects_wacrm_src_app_layout_tsx_06p1ixb._.js → 200 (47ms, ?B)
[2026-08-24T04:43:56.030Z] GET http://localhost:3000/_next/static/chunks/Desktop_projects_wacrm_src_0-h7uj6._.js → 200 (218ms, 25287B)
[2026-08-24T04:43:56.030Z] GET http://localhost:3000/_next/static/chunks/0s3p_%40supabase_postgrest-js_dist_index_mjs_0afrif2._.js → 200 (60ms, ?B)
[2026-08-24T04:43:56.030Z] GET http://localhost:3000/_next/static/chunks/0s3p_%40supabase_auth-js_dist_module_1h125vx._.js → 200 (192ms, ?B)
[2026-08-24T04:43:56.030Z] GET http://localhost:3000/_next/static/chunks/0s3p_tailwind-merge_dist_bundle-mjs_mjs_0lc7u3d._.js → 200 (60ms, ?B)
[2026-08-24T04:43:56.030Z] GET http://localhost:3000/_next/static/chunks/0s3p_%40base-ui_react_1cyzzb7._.js → 200 (265ms, 115462B)
[2026-08-24T04:43:56.031Z] GET http://localhost:3000/_next/static/chunks/0s3p_036y916._.js → 200 (306ms, 151618B)
[2026-08-24T04:43:56.031Z] GET http://localhost:3000/_next/static/chunks/Desktop_projects_wacrm_src_app_(dashboard)_layout_tsx_1--5669._.js → 200 (206ms, 555B)
[2026-08-24T04:43:56.031Z] GET http://localhost:3000/_next/static/chunks/Desktop_projects_wacrm_src_0x1cbvf._.js → 200 (225ms, 28139B)
[2026-08-24T04:43:56.031Z] GET http://localhost:3000/_next/static/chunks/0s3p_recharts_es6_util_0sqz-2b._.js → 200 (232ms, 37732B)
[2026-08-24T04:43:56.031Z] GET http://localhost:3000/_next/static/chunks/0s3p_recharts_es6_component_1sz0d3n._.js → 200 (234ms, 24473B)
[2026-08-24T04:43:56.031Z] GET http://localhost:3000/_next/static/chunks/0s3p_recharts_es6_state_0oj9kp7._.js → 200 (256ms, 57293B)
[2026-08-24T04:43:56.031Z] GET http://localhost:3000/_next/static/chunks/0s3p_recharts_es6_cartesian_1p0_ye0._.js → 200 (241ms, 30594B)
[2026-08-24T04:43:56.032Z] GET http://localhost:3000/_next/static/chunks/0s3p_recharts_es6_0j1ra0d._.js → 200 (256ms, 42195B)
[2026-08-24T04:43:56.032Z] GET http://localhost:3000/_next/static/chunks/0s3p_14sqbkl._.js → pending (?ms, ?B)
[2026-08-24T04:43:56.032Z] GET http://localhost:3000/_next/static/chunks/Desktop_projects_wacrm_src_app_(dashboard)_dashboard_page_tsx_18vm7h6._.js → 200 (244ms, 567B)
[2026-08-24T04:43:56.033Z] GET http://localhost:3000/_next/static/chunks/0s3p_next_dist_client_components_builtin_global-error_1--5669.js → 200 (247ms, ?B)
[2026-08-24T04:43:56.062Z] GET http://localhost:3000/_next/static/chunks/%5Bturbopack%5D_browser_dev_hmr-client_hmr-client_ts_1mojsay._.js → 200 (226ms, ?B)
[2026-08-24T04:43:56.062Z] GET http://localhost:3000/_next/static/chunks/%5Bturbopack%5D_browser_dev_hmr-client_hmr-client_ts_1wvfdr9._.js → 200 (226ms, ?B)
[2026-08-24T04:43:56.338Z] GET https://ebqfbgatndyhwevyheot.supabase.co/rest/v1/profiles?select=id%2Cfull_name%2Cemail%2Cavatar_url%2Crole%2Cbeta_features%2Caccount_id%2Caccount_role&user_id=eq.92811dca-5189-471d-a50e-1664daa86500 → pending (?ms, ?B)
[2026-08-24T04:43:56.338Z] GET https://ebqfbgatndyhwevyheot.supabase.co/rest/v1/profiles?select=id%2Cfull_name%2Cemail%2Cavatar_url%2Crole%2Cbeta_features%2Caccount_id%2Caccount_role&user_id=eq.92811dca-5189-471d-a50e-1664daa86500 → pending (?ms, ?B)
[2026-08-24T04:43:56.401Z] GET https://ebqfbgatndyhwevyheot.supabase.co/rest/v1/conversations?select=id%2Cunread_count → 200 (705ms, 915B)
[2026-08-24T04:43:56.401Z] HEAD https://ebqfbgatndyhwevyheot.supabase.co/rest/v1/notifications?select=*&read_at=is.null → 200 (624ms, ?B)
[2026-08-24T04:43:56.401Z] HEAD https://ebqfbgatndyhwevyheot.supabase.co/rest/v1/conversations?select=id&status=eq.open → 200 (704ms, ?B)
[2026-08-24T04:43:56.401Z] HEAD https://ebqfbgatndyhwevyheot.supabase.co/rest/v1/conversations?select=id&status=eq.open&created_at=gte.2026-08-23T18%3A30%3A00.000Z → 200 (575ms, ?B)
[2026-08-24T04:43:56.401Z] HEAD https://ebqfbgatndyhwevyheot.supabase.co/rest/v1/conversations?select=id&status=eq.open&created_at=gte.2026-08-22T18%3A30%3A00.000Z&created_at=lt.2026-08-23T18%3A30%3A00.000Z → 200 (610ms, ?B)
[2026-08-24T04:43:56.401Z] HEAD https://ebqfbgatndyhwevyheot.supabase.co/rest/v1/contacts?select=id&created_at=gte.2026-08-23T18%3A30%3A00.000Z → 200 (566ms, ?B)
[2026-08-24T04:43:56.401Z] HEAD https://ebqfbgatndyhwevyheot.supabase.co/rest/v1/contacts?select=id&created_at=gte.2026-08-22T18%3A30%3A00.000Z&created_at=lt.2026-08-23T18%3A30%3A00.000Z → 200 (623ms, ?B)
[2026-08-24T04:43:56.401Z] GET https://ebqfbgatndyhwevyheot.supabase.co/rest/v1/deals?select=value%2Cstatus&status=eq.open → 200 (703ms, 753B)
[2026-08-24T04:43:56.401Z] HEAD https://ebqfbgatndyhwevyheot.supabase.co/rest/v1/messages?select=id&sender_type=eq.agent&created_at=gte.2026-08-23T18%3A30%3A00.000Z → 200 (704ms, ?B)
[2026-08-24T04:43:56.401Z] HEAD https://ebqfbgatndyhwevyheot.supabase.co/rest/v1/messages?select=id&sender_type=eq.agent&created_at=gte.2026-08-22T18%3A30%3A00.000Z&created_at=lt.2026-08-23T18%3A30%3A00.000Z → 200 (703ms, ?B)
[2026-08-24T04:43:56.401Z] GET https://ebqfbgatndyhwevyheot.supabase.co/rest/v1/messages?select=created_at%2Csender_type&created_at=gte.2026-07-25T18%3A30%3A00.000Z&order=created_at.asc → 200 (705ms, 1333B)
[2026-08-24T04:43:56.402Z] GET https://ebqfbgatndyhwevyheot.supabase.co/rest/v1/pipeline_stages?select=id%2Cname%2Ccolor%2Cpipeline_id%2Cposition&order=position.asc → 200 (703ms, 1123B)
[2026-08-24T04:43:56.402Z] GET https://ebqfbgatndyhwevyheot.supabase.co/rest/v1/deals?select=stage_id%2Cvalue%2Cstatus&status=eq.open → 200 (703ms, 765B)
[2026-08-24T04:43:56.402Z] GET https://ebqfbgatndyhwevyheot.supabase.co/rest/v1/messages?select=conversation_id%2Csender_type%2Ccreated_at&created_at=gte.2026-08-10T18%3A30%3A00.000Z&order=conversation_id.asc%2Ccreated_at.asc → 200 (704ms, 1472B)
[2026-08-24T04:43:56.402Z] GET https://ebqfbgatndyhwevyheot.supabase.co/rest/v1/messages?select=id%2Ccontent_text%2Csender_type%2Ccreated_at%2Cconversation_id%2Cconversations%28contact_id%2Ccontacts%28name%2Cphone%29%29&sender_type=eq.customer&order=created_at.desc&limit=10 → 200 (719ms, 1607B)
[2026-08-24T04:43:56.402Z] GET https://ebqfbgatndyhwevyheot.supabase.co/rest/v1/contacts?select=id%2Cname%2Cphone%2Ccreated_at&order=created_at.desc&limit=10 → 200 (703ms, 1078B)
[2026-08-24T04:43:56.402Z] GET https://ebqfbgatndyhwevyheot.supabase.co/rest/v1/deals?select=id%2Ctitle%2Cupdated_at%2Cstage%3Apipeline_stages%28name%29&order=updated_at.desc&limit=10 → 200 (703ms, 802B)
[2026-08-24T04:43:56.402Z] GET https://ebqfbgatndyhwevyheot.supabase.co/rest/v1/broadcasts?select=id%2Cname%2Cstatus%2Ctotal_recipients%2Ccreated_at&order=created_at.desc&limit=5 → 200 (703ms, 793B)
[2026-08-24T04:43:56.402Z] GET https://ebqfbgatndyhwevyheot.supabase.co/rest/v1/automation_logs?select=id%2Ctrigger_event%2Cstatus%2Ccreated_at%2Cautomation%3Aautomations%28name%29%2Ccontact%3Acontacts%28name%2Cphone%29&order=created_at.desc&limit=10 → 200 (719ms, 844B)
[2026-08-24T04:43:56.402Z] GET https://ebqfbgatndyhwevyheot.supabase.co/rest/v1/conversations?select=id%2Cunread_count → 200 (702ms, 919B)
[2026-08-24T04:43:56.402Z] HEAD https://ebqfbgatndyhwevyheot.supabase.co/rest/v1/notifications?select=*&read_at=is.null → 200 (553ms, ?B)
[2026-08-24T04:43:56.402Z] HEAD https://ebqfbgatndyhwevyheot.supabase.co/rest/v1/conversations?select=id&status=eq.open → 200 (550ms, ?B)
[2026-08-24T04:43:56.402Z] HEAD https://ebqfbgatndyhwevyheot.supabase.co/rest/v1/conversations?select=id&status=eq.open&created_at=gte.2026-08-23T18%3A30%3A00.000Z → 200 (564ms, ?B)
[2026-08-24T04:43:56.402Z] HEAD https://ebqfbgatndyhwevyheot.supabase.co/rest/v1/conversations?select=id&status=eq.open&created_at=gte.2026-08-22T18%3A30%3A00.000Z&created_at=lt.2026-08-23T18%3A30%3A00.000Z → 200 (571ms, ?B)
[2026-08-24T04:43:56.402Z] HEAD https://ebqfbgatndyhwevyheot.supabase.co/rest/v1/contacts?select=id&created_at=gte.2026-08-23T18%3A30%3A00.000Z → 200 (564ms, ?B)
[2026-08-24T04:43:56.402Z] HEAD https://ebqfbgatndyhwevyheot.supabase.co/rest/v1/contacts?select=id&created_at=gte.2026-08-22T18%3A30%3A00.000Z&created_at=lt.2026-08-23T18%3A30%3A00.000Z → 200 (585ms, ?B)
[2026-08-24T04:43:56.402Z] GET https://ebqfbgatndyhwevyheot.supabase.co/rest/v1/deals?select=value%2Cstatus&status=eq.open → 200 (589ms, 756B)
[2026-08-24T04:43:56.402Z] HEAD https://ebqfbgatndyhwevyheot.supabase.co/rest/v1/messages?select=id&sender_type=eq.agent&created_at=gte.2026-08-23T18%3A30%3A00.000Z → 200 (587ms, ?B)
[2026-08-24T04:43:56.402Z] HEAD https://ebqfbgatndyhwevyheot.supabase.co/rest/v1/messages?select=id&sender_type=eq.agent&created_at=gte.2026-08-22T18%3A30%3A00.000Z&created_at=lt.2026-08-23T18%3A30%3A00.000Z → 200 (529ms, ?B)
[2026-08-24T04:43:56.402Z] GET https://ebqfbgatndyhwevyheot.supabase.co/rest/v1/messages?select=created_at%2Csender_type&created_at=gte.2026-07-25T18%3A30%3A00.000Z&order=created_at.asc → 200 (702ms, 1332B)
[2026-08-24T04:43:56.402Z] GET https://ebqfbgatndyhwevyheot.supabase.co/rest/v1/pipeline_stages?select=id%2Cname%2Ccolor%2Cpipeline_id%2Cposition&order=position.asc → 200 (575ms, 1125B)
[2026-08-24T04:43:56.402Z] GET https://ebqfbgatndyhwevyheot.supabase.co/rest/v1/deals?select=stage_id%2Cvalue%2Cstatus&status=eq.open → 200 (615ms, 764B)
[2026-08-24T04:43:56.402Z] GET https://ebqfbgatndyhwevyheot.supabase.co/rest/v1/messages?select=conversation_id%2Csender_type%2Ccreated_at&created_at=gte.2026-08-10T18%3A30%3A00.000Z&order=conversation_id.asc%2Ccreated_at.asc → 200 (634ms, 1478B)
[2026-08-24T04:43:56.402Z] GET https://ebqfbgatndyhwevyheot.supabase.co/rest/v1/messages?select=id%2Ccontent_text%2Csender_type%2Ccreated_at%2Cconversation_id%2Cconversations%28contact_id%2Ccontacts%28name%2Cphone%29%29&sender_type=eq.customer&order=created_at.desc&limit=10 → 200 (703ms, 1608B)
[2026-08-24T04:43:56.403Z] GET https://ebqfbgatndyhwevyheot.supabase.co/rest/v1/contacts?select=id%2Cname%2Cphone%2Ccreated_at&order=created_at.desc&limit=10 → 200 (599ms, 1078B)
[2026-08-24T04:43:56.403Z] GET https://ebqfbgatndyhwevyheot.supabase.co/rest/v1/deals?select=id%2Ctitle%2Cupdated_at%2Cstage%3Apipeline_stages%28name%29&order=updated_at.desc&limit=10 → 200 (624ms, 802B)
[2026-08-24T04:43:56.403Z] GET https://ebqfbgatndyhwevyheot.supabase.co/rest/v1/broadcasts?select=id%2Cname%2Cstatus%2Ctotal_recipients%2Ccreated_at&order=created_at.desc&limit=5 → 200 (633ms, 795B)
[2026-08-24T04:43:56.403Z] GET https://ebqfbgatndyhwevyheot.supabase.co/rest/v1/automation_logs?select=id%2Ctrigger_event%2Cstatus%2Ccreated_at%2Cautomation%3Aautomations%28name%29%2Ccontact%3Acontacts%28name%2Cphone%29&order=created_at.desc&limit=10 → 200 (701ms, 846B)
[2026-08-24T04:43:57.020Z] GET https://ebqfbgatndyhwevyheot.supabase.co/rest/v1/accounts?select=id%2Cname%2Cdefault_currency&id=eq.cbcb751c-9746-4bf8-a441-d2663a6a4250 → 200 (86ms, 863B)
[2026-08-24T04:43:57.132Z] GET https://ebqfbgatndyhwevyheot.supabase.co/rest/v1/accounts?select=id%2Cname%2Cdefault_currency&id=eq.cbcb751c-9746-4bf8-a441-d2663a6a4250 → 200 (52ms, 862B)
[2026-08-24T04:43:57.183Z] POST https://ebqfbgatndyhwevyheot.supabase.co/rest/v1/rpc/touch_presence → 204 (75ms, 674B)
[2026-08-24T04:43:57.466Z] GET http://localhost:3000/inbox → 200 (153ms, 29175B)
[2026-08-24T04:43:57.621Z] GET http://localhost:3000/_next/static/media/83afe278b6a6bb3c-s.p.2bn3s6zvc0dyp.woff2 → 200 (?ms, -932B)
[2026-08-24T04:43:57.623Z] GET http://localhost:3000/_next/static/chunks/%5Broot-of-the-server%5D__0dtla9k._.css → 200 (3ms, ?B)
[2026-08-24T04:43:57.623Z] GET http://localhost:3000/_next/static/chunks/%5Bturbopack%5D_browser_dev_hmr-client_hmr-client_ts_1wt9tc8._.js → 200 (5ms, ?B)
[2026-08-24T04:43:57.624Z] GET http://localhost:3000/_next/static/chunks/0s3p_next_dist_compiled_next-devtools_index_0j79cy9.js → 200 (19ms, ?B)
[2026-08-24T04:43:57.624Z] GET http://localhost:3000/_next/static/chunks/0s3p_next_dist_compiled_react-dom_15_z71r._.js → 200 (19ms, ?B)
[2026-08-24T04:43:57.624Z] GET http://localhost:3000/_next/static/chunks/0s3p_next_dist_compiled_react-server-dom-turbopack_0f_tl2a._.js → 200 (19ms, ?B)
[2026-08-24T04:43:57.624Z] GET http://localhost:3000/_next/static/chunks/0s3p_next_dist_compiled_0gotzcs._.js → 304 (15ms, ?B)
[2026-08-24T04:43:57.624Z] GET http://localhost:3000/_next/static/chunks/0s3p_next_dist_client_00vepj3._.js → 200 (20ms, ?B)
[2026-08-24T04:43:57.624Z] GET http://localhost:3000/_next/static/chunks/0s3p_next_dist_0k3gjni._.js → 304 (19ms, ?B)
[2026-08-24T04:43:57.624Z] GET http://localhost:3000/_next/static/chunks/0s3p_%40swc_helpers_cjs_13o7gja._.js → 200 (21ms, ?B)
[2026-08-24T04:43:57.624Z] GET http://localhost:3000/_next/static/chunks/Desktop_projects_wacrm_1anvha4._.js → 200 (21ms, ?B)
[2026-08-24T04:43:57.624Z] GET http://localhost:3000/_next/static/chunks/turbopack-Desktop_projects_wacrm_20ygiv8._.js → 200 (22ms, ?B)
[2026-08-24T04:43:57.624Z] GET http://localhost:3000/_next/static/chunks/0s3p_next_dist_0xsn649._.js → 200 (28ms, ?B)
[2026-08-24T04:43:57.624Z] GET http://localhost:3000/_next/static/chunks/Desktop_projects_wacrm_src_app_icon--metadata_06p1ixb.js → 200 (28ms, ?B)
[2026-08-24T04:43:57.624Z] GET http://localhost:3000/_next/static/chunks/0s3p_1kf68hz._.js → 200 (29ms, ?B)
[2026-08-24T04:43:57.624Z] GET http://localhost:3000/_next/static/chunks/Desktop_projects_wacrm_src_0d9d8b1._.js → 200 (29ms, ?B)
[2026-08-24T04:43:57.624Z] GET http://localhost:3000/_next/static/chunks/Desktop_projects_wacrm_src_app_layout_tsx_06p1ixb._.js → 200 (29ms, ?B)
[2026-08-24T04:43:57.624Z] GET http://localhost:3000/_next/static/chunks/Desktop_projects_wacrm_src_0-h7uj6._.js → 200 (30ms, ?B)
[2026-08-24T04:43:57.624Z] GET http://localhost:3000/_next/static/chunks/0s3p_%40supabase_postgrest-js_dist_index_mjs_0afrif2._.js → 200 (35ms, ?B)
[2026-08-24T04:43:57.624Z] GET http://localhost:3000/_next/static/chunks/0s3p_%40supabase_auth-js_dist_module_1h125vx._.js → 200 (37ms, ?B)
[2026-08-24T04:43:57.624Z] GET http://localhost:3000/_next/static/chunks/0s3p_tailwind-merge_dist_bundle-mjs_mjs_0lc7u3d._.js → 200 (31ms, ?B)
[2026-08-24T04:43:57.624Z] GET http://localhost:3000/_next/static/chunks/0s3p_%40base-ui_react_1cyzzb7._.js → 200 (38ms, ?B)
[2026-08-24T04:43:57.624Z] GET http://localhost:3000/_next/static/chunks/0s3p_036y916._.js → 304 (37ms, ?B)
[2026-08-24T04:43:57.624Z] GET http://localhost:3000/_next/static/chunks/Desktop_projects_wacrm_src_app_(dashboard)_layout_tsx_1--5669._.js → 200 (38ms, ?B)
[2026-08-24T04:43:57.625Z] GET http://localhost:3000/_next/static/chunks/0s3p_opus-recorder_dist_recorder_min_1odnate.js → 200 (97ms, 711B)
[2026-08-24T04:43:57.625Z] GET http://localhost:3000/_next/static/chunks/Desktop_projects_wacrm_src_1x09aom._.js → 200 (133ms, 105450B)
[2026-08-24T04:43:57.625Z] GET http://localhost:3000/_next/static/chunks/0s3p_0wag5f4._.js → 200 (133ms, 73577B)
[2026-08-24T04:43:57.625Z] GET http://localhost:3000/_next/static/chunks/Desktop_projects_wacrm_src_app_(dashboard)_inbox_page_tsx_18vm7h6._.js → 200 (104ms, 365B)
[2026-08-24T04:43:57.625Z] GET http://localhost:3000/_next/static/chunks/0s3p_next_dist_client_components_builtin_global-error_1--5669.js → 200 (96ms, ?B)
[2026-08-24T04:43:57.652Z] GET http://localhost:3000/_next/static/chunks/%5Bturbopack%5D_browser_dev_hmr-client_hmr-client_ts_1mojsay._.js → 200 (77ms, ?B)
[2026-08-24T04:43:57.652Z] GET http://localhost:3000/_next/static/chunks/%5Bturbopack%5D_browser_dev_hmr-client_hmr-client_ts_1wvfdr9._.js → 200 (77ms, ?B)
[2026-08-24T04:43:57.737Z] GET https://ebqfbgatndyhwevyheot.supabase.co/rest/v1/profiles?select=id%2Cfull_name%2Cemail%2Cavatar_url%2Crole%2Cbeta_features%2Caccount_id%2Caccount_role&user_id=eq.92811dca-5189-471d-a50e-1664daa86500 → 200 (78ms, 1033B)
[2026-08-24T04:43:57.737Z] GET https://ebqfbgatndyhwevyheot.supabase.co/rest/v1/profiles?select=id%2Cfull_name%2Cemail%2Cavatar_url%2Crole%2Cbeta_features%2Caccount_id%2Caccount_role&user_id=eq.92811dca-5189-471d-a50e-1664daa86500 → 200 (48ms, 1031B)
[2026-08-24T04:43:57.784Z] GET https://ebqfbgatndyhwevyheot.supabase.co/rest/v1/profiles?select=*&order=full_name.asc → 200 (110ms, 1025B)
[2026-08-24T04:43:57.784Z] GET https://ebqfbgatndyhwevyheot.supabase.co/rest/v1/profiles?select=*&order=full_name.asc → 200 (64ms, 1021B)
[2026-08-24T04:43:57.784Z] GET https://ebqfbgatndyhwevyheot.supabase.co/rest/v1/conversations?select=id%2Cunread_count → 200 (90ms, 915B)
[2026-08-24T04:43:57.784Z] HEAD https://ebqfbgatndyhwevyheot.supabase.co/rest/v1/notifications?select=*&read_at=is.null → 200 (49ms, ?B)
[2026-08-24T04:43:57.784Z] GET https://ebqfbgatndyhwevyheot.supabase.co/rest/v1/conversations?select=*%2Ccontact%3Acontacts%28*%2Ccontact_tags%28tags%28*%29%29%29&order=last_message_at.desc → 200 (139ms, 1759B)
[2026-08-24T04:43:57.784Z] GET https://ebqfbgatndyhwevyheot.supabase.co/rest/v1/tags?select=*&order=name.asc → 200 (115ms, 1012B)
[2026-08-24T04:43:57.784Z] GET https://ebqfbgatndyhwevyheot.supabase.co/rest/v1/conversations?select=id%2Cunread_count → 200 (49ms, 915B)
[2026-08-24T04:43:57.785Z] HEAD https://ebqfbgatndyhwevyheot.supabase.co/rest/v1/notifications?select=*&read_at=is.null → 200 (37ms, ?B)
[2026-08-24T04:43:57.785Z] GET https://ebqfbgatndyhwevyheot.supabase.co/rest/v1/conversations?select=*%2Ccontact%3Acontacts%28*%2Ccontact_tags%28tags%28*%29%29%29&order=last_message_at.desc → 200 (88ms, 1759B)
[2026-08-24T04:43:57.785Z] GET https://ebqfbgatndyhwevyheot.supabase.co/rest/v1/tags?select=*&order=name.asc → 200 (69ms, 1015B)
[2026-08-24T04:43:57.785Z] GET https://ebqfbgatndyhwevyheot.supabase.co/rest/v1/profiles?select=account_id&user_id=eq.92811dca-5189-471d-a50e-1664daa86500 → 200 (109ms, 832B)
[2026-08-24T04:43:57.785Z] GET https://ebqfbgatndyhwevyheot.supabase.co/rest/v1/profiles?select=account_id&user_id=eq.92811dca-5189-471d-a50e-1664daa86500 → 200 (68ms, 832B)
[2026-08-24T04:43:57.785Z] GET https://ebqfbgatndyhwevyheot.supabase.co/rest/v1/accounts?select=id%2Cname%2Cdefault_currency&id=eq.cbcb751c-9746-4bf8-a441-d2663a6a4250 → 200 (91ms, 863B)
[2026-08-24T04:43:57.816Z] GET https://ebqfbgatndyhwevyheot.supabase.co/rest/v1/accounts?select=id%2Cname%2Cdefault_currency&id=eq.cbcb751c-9746-4bf8-a441-d2663a6a4250 → 200 (17ms, 862B)
[2026-08-24T04:43:57.847Z] GET https://ebqfbgatndyhwevyheot.supabase.co/rest/v1/member_presence?select=user_id%2Cstatus%2Clast_seen_at&account_id=eq.cbcb751c-9746-4bf8-a441-d2663a6a4250 → 200 (68ms, 945B)
[2026-08-24T04:43:57.847Z] POST https://ebqfbgatndyhwevyheot.supabase.co/rest/v1/rpc/touch_presence → 204 (46ms, 672B)
[2026-08-24T04:43:57.853Z] GET https://ebqfbgatndyhwevyheot.supabase.co/rest/v1/whatsapp_config?select=status&account_id=eq.cbcb751c-9746-4bf8-a441-d2663a6a4250 → 200 (113ms, 805B)
[2026-08-24T04:43:57.894Z] GET https://ebqfbgatndyhwevyheot.supabase.co/rest/v1/whatsapp_config?select=status&account_id=eq.cbcb751c-9746-4bf8-a441-d2663a6a4250 → 200 (36ms, 806B)
[2026-08-24T04:44:12.377Z] GET http://localhost:3000/api/ai/config → pending (?ms, ?B)
[2026-08-24T04:44:12.378Z] GET http://localhost:3000/api/ai/config → pending (?ms, ?B)
[2026-08-24T04:44:12.378Z] GET http://localhost:3000/inbox?c=9021e75f-95f0-4b92-aa09-ed5a108ebe81&_rsc=rbAFi3YqH1Ke0Jwk → pending (?ms, ?B)
[2026-08-24T04:44:12.378Z] GET https://ebqfbgatndyhwevyheot.supabase.co/rest/v1/messages?select=*&conversation_id=eq.9021e75f-95f0-4b92-aa09-ed5a108ebe81&order=created_at.asc → pending (?ms, ?B)
[2026-08-24T04:44:12.378Z] GET https://ebqfbgatndyhwevyheot.supabase.co/rest/v1/message_reactions?select=*&conversation_id=eq.9021e75f-95f0-4b92-aa09-ed5a108ebe81 → pending (?ms, ?B)
[2026-08-24T04:44:12.378Z] GET https://ebqfbgatndyhwevyheot.supabase.co/rest/v1/deals?select=*%2Cstage%3Apipeline_stages%28*%29&contact_id=eq.e06acc3d-5228-4821-b684-4ca88b28b4c3&order=created_at.desc → pending (?ms, ?B)
[2026-08-24T04:44:12.378Z] GET https://ebqfbgatndyhwevyheot.supabase.co/rest/v1/contact_notes?select=*&contact_id=eq.e06acc3d-5228-4821-b684-4ca88b28b4c3&order=created_at.desc → pending (?ms, ?B)
[2026-08-24T04:44:12.378Z] GET https://ebqfbgatndyhwevyheot.supabase.co/rest/v1/contact_tags?select=id%2Ctag_id%2Ctags%28*%29&contact_id=eq.e06acc3d-5228-4821-b684-4ca88b28b4c3 → pending (?ms, ?B)
[2026-08-24T04:44:12.780Z] GET http://localhost:3000/__nextjs_font/geist-latin.woff2 → 200 (23ms, 28369B)
[2026-08-24T04:44:27.855Z] POST https://ebqfbgatndyhwevyheot.supabase.co/rest/v1/rpc/touch_presence → 204 (188ms, 675B)
[2026-08-24T04:44:57.857Z] POST https://ebqfbgatndyhwevyheot.supabase.co/rest/v1/rpc/touch_presence → 204 (512ms, 448B)
[2026-08-24T04:45:27.854Z] POST https://ebqfbgatndyhwevyheot.supabase.co/rest/v1/rpc/touch_presence → 204 (91ms, 338B)
[2026-08-24T04:45:57.859Z] POST https://ebqfbgatndyhwevyheot.supabase.co/rest/v1/rpc/touch_presence → 204 (95ms, 396B)
[2026-08-24T04:46:27.856Z] POST https://ebqfbgatndyhwevyheot.supabase.co/rest/v1/rpc/touch_presence → 204 (316ms, 412B)
[2026-08-24T04:46:57.851Z] POST https://ebqfbgatndyhwevyheot.supabase.co/rest/v1/rpc/touch_presence → 204 (74ms, 348B)
[2026-08-24T04:47:27.852Z] POST https://ebqfbgatndyhwevyheot.supabase.co/rest/v1/rpc/touch_presence → 204 (88ms, 357B)
[2026-08-24T04:47:57.854Z] POST https://ebqfbgatndyhwevyheot.supabase.co/rest/v1/rpc/touch_presence → 204 (125ms, 480B)
[2026-08-24T04:48:27.853Z] POST https://ebqfbgatndyhwevyheot.supabase.co/rest/v1/rpc/touch_presence → 204 (467ms, 337B)
[2026-08-24T04:48:57.852Z] POST https://ebqfbgatndyhwevyheot.supabase.co/rest/v1/rpc/touch_presence → 204 (92ms, 398B)
[2026-08-24T04:49:27.851Z] POST https://ebqfbgatndyhwevyheot.supabase.co/rest/v1/rpc/touch_presence → 204 (73ms, 408B)
[2026-08-24T04:49:44.331Z] GET http://localhost:3000/inbox?c=9021e75f-95f0-4b92-aa09-ed5a108ebe81 → pending (?ms, ?B)
